[
    [
        {
            "url": "/getContactNameList/:userId",
            "urlData": {
                "userId": 12345
            }
        }
    ]
]
