[
    [
        null,
        [
            {
                "firstName": "Sally",
                "lastName": "Jensen"
            },
            {
                "firstName": "Joe",
                "lastName": "Smith"
            },
            {
                "firstName": "Nigel",
                "lastName": "Smith"
            }
        ]
    ]
]
